
Memory Configuration

Name             Origin             Length             Attributes
*default*        0x00000000         0xffffffff

Linker script and memory map


.text           0x00100000      0x79a
 *(.text)
 .text          0x00100000      0x174 stage3.o
 *fill*         0x00100174        0xc 
 .text          0x00100180        0x3 asm.o
                0x00100180                _test
 .text          0x00100183       0x17 entry.o
                0x00100183                _kernel_entry
 .text          0x0010019a      0x126 main.o
                0x0010019a                main
 .text          0x001002c0      0x4ad DebugDisplay.o
                0x001002c0                DebugPutc(unsigned char)
                0x0010036a                itoa(unsigned int, unsigned int, char*)
                0x00100420                itoa_s(int, unsigned int, char*)
                0x00100455                DebugSetColor(unsigned int)
                0x00100470                DebugGotoXY(unsigned int, unsigned int)
                0x0010049e                DebugClrScr(unsigned short)
                0x001004fb                DebugPuts(char*)
                0x00100548                DebugPrintf(char const*, ...)
 .text          0x0010076d       0x2d string.o
                0x0010076d                strlen(char const*)

.eh_frame       0x0010079c      0x1d0
 .eh_frame      0x0010079c       0x38 entry.o
 .eh_frame      0x001007d4       0x48 main.o
 .eh_frame      0x0010081c      0x118 DebugDisplay.o
 .eh_frame      0x00100934       0x38 string.o

.rodata         0x0010096c      0x1a8
 .rodata        0x0010096c      0x122 main.o
 *fill*         0x00100a8e        0x2 
 .rodata        0x00100a90       0x84 DebugDisplay.o

.data           0x00100b14       0x10
 *(.data)
 .data          0x00100b14        0x0 entry.o
 .data          0x00100b14        0x0 main.o
 .data          0x00100b14       0x10 DebugDisplay.o
                0x00100b14                bchars
 .data          0x00100b24        0x0 string.o

.bss            0x00100b40       0x34
 *(.bss)
 .bss           0x00100b40        0x0 entry.o
 .bss           0x00100b40        0x0 main.o
 .bss           0x00100b40       0x34 DebugDisplay.o
                0x00100b40                tbuf
 .bss           0x00100b74        0x0 string.o
LOAD stage3.o
LOAD asm.o
LOAD entry.o
LOAD main.o
LOAD DebugDisplay.o
LOAD string.o
OUTPUT(KRNL.SYS binary)

.comment        0x00000000       0x4c
 .comment       0x00000000       0x13 entry.o
 .comment       0x00000013       0x13 main.o
 .comment       0x00000026       0x13 DebugDisplay.o
 .comment       0x00000039       0x13 string.o
