     VMA      LMA     Size Align Out     In      Symbol
       0        0        0     1 phys = 0x00100000
       0        0   100000     1 . = phys
  100000   100000      155    16 .entry
  100000   100000        0     1         __entry_start = .
  100000   100000      155    16         ./build/./src/kernel/main.c.o:(.entry)
  100000   100000      155     1                 start
  100160   100160     4726    16 .text
  100160   100160        0     1         __text_start = .
  100160   100160       19    16         ./build/./src/kernel/hal/hal.c.o:(.text)
  100160   100160       19     1                 HAL_Initialize
  100180   100180      a23    16         ./build/./src/kernel/stdio.c.o:(.text)
  100180   100180       22     1                 putchr
  1001b0   1001b0       23     1                 putcolor
  1001e0   1001e0       1d     1                 getchr
  100200   100200       1e     1                 getcolor
  100220   100220       7c     1                 setcursor
  1002a0   1002a0       af     1                 clrscr
  100350   100350      150     1                 scrollback
  1004a0   1004a0      124     1                 putc
  1005d0   1005d0       34     1                 puts
  100610   100610       df     1                 printf_unsigned
  1006f0   1006f0       7e     1                 printf_signed
  100770   100770      39a     1                 printf
  100b10   100b10       93     1                 print_buffer
  100bb0   100bb0      141    16         ./build/./src/kernel/memory.c.o:(.text)
  100bb0   100bb0       5f     1                 memcpy
  100c10   100c10       54     1                 memset
  100c70   100c70       81     1                 memcmp
  100d00   100d00       4c    16         ./build/./src/kernel/main.c.o:(.text)
  100d00   100d00        8     1                 timer
  100d10   100d10       3c     1                 get_model
  100d50   100d50      108    16         ./build/./src/kernel/arch/x86/irq.c.o:(.text)
  100d50   100d50       84     1                 x86_IRQ_Handler
  100de0   100de0       5b     1                 x86_IRQ_Initialize
  100e40   100e40       18     1                 x86_IRQ_RegisterHandler
  100e60   100e60       27    16         ./build/./src/kernel/arch/x86/io.asm.o:(.text)
  100e60   100e60        0     1                 x86_outb
  100e6b   100e6b        0     1                 x86_inb
  100e74   100e74        0     1                 x86_Panic
  100e76   100e76        0     1                 x86_EnableInterrupts
  100e78   100e78        0     1                 x86_DisableInterrupts
  100e7a   100e7a        0     1                 crash_me
  100e90   100e90      1f7    16         ./build/./src/kernel/arch/x86/isr.c.o:(.text)
  100e90   100e90       49     1                 x86_ISR_Initialize
  100ee0   100ee0      17e     1                 x86_ISR_Handler
  101060   101060       27     1                 x86_ISR_RegisterHandler
  101090   101090       25    16         ./build/./src/kernel/arch/x86/gdt.asm.o:(.text)
  101090   101090        0     1                 x86_GDT_Load
  1010a3   1010a3        0     1                 x86_GDT_Load.reload_cs
  1010c0   1010c0       29    16         ./build/./src/kernel/arch/x86/gdt.c.o:(.text)
  1010c0   1010c0       29     1                 x86_GDT_Initialize
  1010f0   1010f0       c7    16         ./build/./src/kernel/arch/x86/idt.c.o:(.text)
  1010f0   1010f0       68     1                 x86_IDT_SetGate
  101160   101160       20     1                 x86_IDT_EnableGate
  101180   101180       20     1                 x86_IDT_DisableGate
  1011a0   1011a0       17     1                 x86_IDT_Initialize
  1011c0   1011c0     260d    16         ./build/./src/kernel/arch/x86/isrs_gen.c.o:(.text)
  1011c0   1011c0     260d     1                 x86_ISR_InitializeGates
  1037d0   1037d0       74    16         ./build/./src/kernel/arch/x86/kybrd.c.o:(.text)
  1037d0   1037d0       4a     1                 x86_kybrd_irq
  103820   103820       24     1                 kkbrd_install
  103850   103850      357    16         ./build/./src/kernel/arch/x86/pic.c.o:(.text)
  103850   103850      10f     1                 x86_PIC_Configure
  103960   103960       40     1                 x86_PIC_SendEndOfInterrupt
  1039a0   1039a0       3d     1                 x86_PIC_Disable
  1039e0   1039e0       6e     1                 x86_PIC_Mask
  103a50   103a50       71     1                 x86_PIC_Unmask
  103ad0   103ad0       67     1                 x86_PIC_ReadIrqRequestRegister
  103b40   103b40       67     1                 x86_PIC_ReadInServiceRegister
  103bb0   103bb0      a6d    16         ./build/./src/kernel/arch/x86/isr.asm.o:(.text)
  103bb0   103bb0        0     1                 x86_ISR0
  103bb9   103bb9        0     1                 x86_ISR1
  103bc2   103bc2        0     1                 x86_ISR2
  103bcb   103bcb        0     1                 x86_ISR3
  103bd4   103bd4        0     1                 x86_ISR4
  103bdd   103bdd        0     1                 x86_ISR5
  103be6   103be6        0     1                 x86_ISR6
  103bef   103bef        0     1                 x86_ISR7
  103bf8   103bf8        0     1                 x86_ISR8
  103bff   103bff        0     1                 x86_ISR9
  103c08   103c08        0     1                 x86_ISR10
  103c0f   103c0f        0     1                 x86_ISR11
  103c16   103c16        0     1                 x86_ISR12
  103c1d   103c1d        0     1                 x86_ISR13
  103c24   103c24        0     1                 x86_ISR14
  103c2b   103c2b        0     1                 x86_ISR15
  103c34   103c34        0     1                 x86_ISR16
  103c3d   103c3d        0     1                 x86_ISR17
  103c44   103c44        0     1                 x86_ISR18
  103c4d   103c4d        0     1                 x86_ISR19
  103c56   103c56        0     1                 x86_ISR20
  103c5f   103c5f        0     1                 x86_ISR21
  103c66   103c66        0     1                 x86_ISR22
  103c6f   103c6f        0     1                 x86_ISR23
  103c78   103c78        0     1                 x86_ISR24
  103c81   103c81        0     1                 x86_ISR25
  103c8a   103c8a        0     1                 x86_ISR26
  103c93   103c93        0     1                 x86_ISR27
  103c9c   103c9c        0     1                 x86_ISR28
  103ca5   103ca5        0     1                 x86_ISR29
  103cae   103cae        0     1                 x86_ISR30
  103cb7   103cb7        0     1                 x86_ISR31
  103cc0   103cc0        0     1                 x86_ISR32
  103cc9   103cc9        0     1                 x86_ISR33
  103cd2   103cd2        0     1                 x86_ISR34
  103cdb   103cdb        0     1                 x86_ISR35
  103ce4   103ce4        0     1                 x86_ISR36
  103ced   103ced        0     1                 x86_ISR37
  103cf6   103cf6        0     1                 x86_ISR38
  103cff   103cff        0     1                 x86_ISR39
  103d08   103d08        0     1                 x86_ISR40
  103d11   103d11        0     1                 x86_ISR41
  103d1a   103d1a        0     1                 x86_ISR42
  103d23   103d23        0     1                 x86_ISR43
  103d2c   103d2c        0     1                 x86_ISR44
  103d35   103d35        0     1                 x86_ISR45
  103d3e   103d3e        0     1                 x86_ISR46
  103d47   103d47        0     1                 x86_ISR47
  103d50   103d50        0     1                 x86_ISR48
  103d59   103d59        0     1                 x86_ISR49
  103d62   103d62        0     1                 x86_ISR50
  103d6b   103d6b        0     1                 x86_ISR51
  103d74   103d74        0     1                 x86_ISR52
  103d7d   103d7d        0     1                 x86_ISR53
  103d86   103d86        0     1                 x86_ISR54
  103d8f   103d8f        0     1                 x86_ISR55
  103d98   103d98        0     1                 x86_ISR56
  103da1   103da1        0     1                 x86_ISR57
  103daa   103daa        0     1                 x86_ISR58
  103db3   103db3        0     1                 x86_ISR59
  103dbc   103dbc        0     1                 x86_ISR60
  103dc5   103dc5        0     1                 x86_ISR61
  103dce   103dce        0     1                 x86_ISR62
  103dd7   103dd7        0     1                 x86_ISR63
  103de0   103de0        0     1                 x86_ISR64
  103de9   103de9        0     1                 x86_ISR65
  103df2   103df2        0     1                 x86_ISR66
  103dfb   103dfb        0     1                 x86_ISR67
  103e04   103e04        0     1                 x86_ISR68
  103e0d   103e0d        0     1                 x86_ISR69
  103e16   103e16        0     1                 x86_ISR70
  103e1f   103e1f        0     1                 x86_ISR71
  103e28   103e28        0     1                 x86_ISR72
  103e31   103e31        0     1                 x86_ISR73
  103e3a   103e3a        0     1                 x86_ISR74
  103e43   103e43        0     1                 x86_ISR75
  103e4c   103e4c        0     1                 x86_ISR76
  103e55   103e55        0     1                 x86_ISR77
  103e5e   103e5e        0     1                 x86_ISR78
  103e67   103e67        0     1                 x86_ISR79
  103e70   103e70        0     1                 x86_ISR80
  103e79   103e79        0     1                 x86_ISR81
  103e82   103e82        0     1                 x86_ISR82
  103e8b   103e8b        0     1                 x86_ISR83
  103e94   103e94        0     1                 x86_ISR84
  103e9d   103e9d        0     1                 x86_ISR85
  103ea6   103ea6        0     1                 x86_ISR86
  103eaf   103eaf        0     1                 x86_ISR87
  103eb8   103eb8        0     1                 x86_ISR88
  103ec1   103ec1        0     1                 x86_ISR89
  103eca   103eca        0     1                 x86_ISR90
  103ed3   103ed3        0     1                 x86_ISR91
  103edc   103edc        0     1                 x86_ISR92
  103ee5   103ee5        0     1                 x86_ISR93
  103eee   103eee        0     1                 x86_ISR94
  103ef7   103ef7        0     1                 x86_ISR95
  103f00   103f00        0     1                 x86_ISR96
  103f09   103f09        0     1                 x86_ISR97
  103f12   103f12        0     1                 x86_ISR98
  103f1b   103f1b        0     1                 x86_ISR99
  103f24   103f24        0     1                 x86_ISR100
  103f2d   103f2d        0     1                 x86_ISR101
  103f36   103f36        0     1                 x86_ISR102
  103f3f   103f3f        0     1                 x86_ISR103
  103f48   103f48        0     1                 x86_ISR104
  103f51   103f51        0     1                 x86_ISR105
  103f5a   103f5a        0     1                 x86_ISR106
  103f63   103f63        0     1                 x86_ISR107
  103f6c   103f6c        0     1                 x86_ISR108
  103f75   103f75        0     1                 x86_ISR109
  103f7e   103f7e        0     1                 x86_ISR110
  103f87   103f87        0     1                 x86_ISR111
  103f90   103f90        0     1                 x86_ISR112
  103f99   103f99        0     1                 x86_ISR113
  103fa2   103fa2        0     1                 x86_ISR114
  103fab   103fab        0     1                 x86_ISR115
  103fb4   103fb4        0     1                 x86_ISR116
  103fbd   103fbd        0     1                 x86_ISR117
  103fc6   103fc6        0     1                 x86_ISR118
  103fcf   103fcf        0     1                 x86_ISR119
  103fd8   103fd8        0     1                 x86_ISR120
  103fe1   103fe1        0     1                 x86_ISR121
  103fea   103fea        0     1                 x86_ISR122
  103ff3   103ff3        0     1                 x86_ISR123
  103ffc   103ffc        0     1                 x86_ISR124
  104005   104005        0     1                 x86_ISR125
  10400e   10400e        0     1                 x86_ISR126
  104017   104017        0     1                 x86_ISR127
  104020   104020        0     1                 x86_ISR128
  10402c   10402c        0     1                 x86_ISR129
  104038   104038        0     1                 x86_ISR130
  104044   104044        0     1                 x86_ISR131
  104050   104050        0     1                 x86_ISR132
  10405c   10405c        0     1                 x86_ISR133
  104068   104068        0     1                 x86_ISR134
  104074   104074        0     1                 x86_ISR135
  104080   104080        0     1                 x86_ISR136
  10408c   10408c        0     1                 x86_ISR137
  104098   104098        0     1                 x86_ISR138
  1040a4   1040a4        0     1                 x86_ISR139
  1040b0   1040b0        0     1                 x86_ISR140
  1040bc   1040bc        0     1                 x86_ISR141
  1040c8   1040c8        0     1                 x86_ISR142
  1040d4   1040d4        0     1                 x86_ISR143
  1040e0   1040e0        0     1                 x86_ISR144
  1040ec   1040ec        0     1                 x86_ISR145
  1040f8   1040f8        0     1                 x86_ISR146
  104104   104104        0     1                 x86_ISR147
  104110   104110        0     1                 x86_ISR148
  10411c   10411c        0     1                 x86_ISR149
  104128   104128        0     1                 x86_ISR150
  104134   104134        0     1                 x86_ISR151
  104140   104140        0     1                 x86_ISR152
  10414c   10414c        0     1                 x86_ISR153
  104158   104158        0     1                 x86_ISR154
  104164   104164        0     1                 x86_ISR155
  104170   104170        0     1                 x86_ISR156
  10417c   10417c        0     1                 x86_ISR157
  104188   104188        0     1                 x86_ISR158
  104194   104194        0     1                 x86_ISR159
  1041a0   1041a0        0     1                 x86_ISR160
  1041ac   1041ac        0     1                 x86_ISR161
  1041b8   1041b8        0     1                 x86_ISR162
  1041c4   1041c4        0     1                 x86_ISR163
  1041d0   1041d0        0     1                 x86_ISR164
  1041dc   1041dc        0     1                 x86_ISR165
  1041e8   1041e8        0     1                 x86_ISR166
  1041f4   1041f4        0     1                 x86_ISR167
  104200   104200        0     1                 x86_ISR168
  10420c   10420c        0     1                 x86_ISR169
  104218   104218        0     1                 x86_ISR170
  104224   104224        0     1                 x86_ISR171
  104230   104230        0     1                 x86_ISR172
  10423c   10423c        0     1                 x86_ISR173
  104248   104248        0     1                 x86_ISR174
  104254   104254        0     1                 x86_ISR175
  104260   104260        0     1                 x86_ISR176
  10426c   10426c        0     1                 x86_ISR177
  104278   104278        0     1                 x86_ISR178
  104284   104284        0     1                 x86_ISR179
  104290   104290        0     1                 x86_ISR180
  10429c   10429c        0     1                 x86_ISR181
  1042a8   1042a8        0     1                 x86_ISR182
  1042b4   1042b4        0     1                 x86_ISR183
  1042c0   1042c0        0     1                 x86_ISR184
  1042cc   1042cc        0     1                 x86_ISR185
  1042d8   1042d8        0     1                 x86_ISR186
  1042e4   1042e4        0     1                 x86_ISR187
  1042f0   1042f0        0     1                 x86_ISR188
  1042fc   1042fc        0     1                 x86_ISR189
  104308   104308        0     1                 x86_ISR190
  104314   104314        0     1                 x86_ISR191
  104320   104320        0     1                 x86_ISR192
  10432c   10432c        0     1                 x86_ISR193
  104338   104338        0     1                 x86_ISR194
  104344   104344        0     1                 x86_ISR195
  104350   104350        0     1                 x86_ISR196
  10435c   10435c        0     1                 x86_ISR197
  104368   104368        0     1                 x86_ISR198
  104374   104374        0     1                 x86_ISR199
  104380   104380        0     1                 x86_ISR200
  10438c   10438c        0     1                 x86_ISR201
  104398   104398        0     1                 x86_ISR202
  1043a4   1043a4        0     1                 x86_ISR203
  1043b0   1043b0        0     1                 x86_ISR204
  1043bc   1043bc        0     1                 x86_ISR205
  1043c8   1043c8        0     1                 x86_ISR206
  1043d4   1043d4        0     1                 x86_ISR207
  1043e0   1043e0        0     1                 x86_ISR208
  1043ec   1043ec        0     1                 x86_ISR209
  1043f8   1043f8        0     1                 x86_ISR210
  104404   104404        0     1                 x86_ISR211
  104410   104410        0     1                 x86_ISR212
  10441c   10441c        0     1                 x86_ISR213
  104428   104428        0     1                 x86_ISR214
  104434   104434        0     1                 x86_ISR215
  104440   104440        0     1                 x86_ISR216
  10444c   10444c        0     1                 x86_ISR217
  104458   104458        0     1                 x86_ISR218
  104464   104464        0     1                 x86_ISR219
  104470   104470        0     1                 x86_ISR220
  10447c   10447c        0     1                 x86_ISR221
  104488   104488        0     1                 x86_ISR222
  104494   104494        0     1                 x86_ISR223
  1044a0   1044a0        0     1                 x86_ISR224
  1044ac   1044ac        0     1                 x86_ISR225
  1044b8   1044b8        0     1                 x86_ISR226
  1044c4   1044c4        0     1                 x86_ISR227
  1044d0   1044d0        0     1                 x86_ISR228
  1044dc   1044dc        0     1                 x86_ISR229
  1044e8   1044e8        0     1                 x86_ISR230
  1044f4   1044f4        0     1                 x86_ISR231
  104500   104500        0     1                 x86_ISR232
  10450c   10450c        0     1                 x86_ISR233
  104518   104518        0     1                 x86_ISR234
  104524   104524        0     1                 x86_ISR235
  104530   104530        0     1                 x86_ISR236
  10453c   10453c        0     1                 x86_ISR237
  104548   104548        0     1                 x86_ISR238
  104554   104554        0     1                 x86_ISR239
  104560   104560        0     1                 x86_ISR240
  10456c   10456c        0     1                 x86_ISR241
  104575   104575        0     1                 x86_ISR242
  10457e   10457e        0     1                 x86_ISR243
  104587   104587        0     1                 x86_ISR244
  104590   104590        0     1                 x86_ISR245
  104599   104599        0     1                 x86_ISR246
  1045a2   1045a2        0     1                 x86_ISR247
  1045ab   1045ab        0     1                 x86_ISR248
  1045b4   1045b4        0     1                 x86_ISR249
  1045bd   1045bd        0     1                 x86_ISR250
  1045c6   1045c6        0     1                 x86_ISR251
  1045cf   1045cf        0     1                 x86_ISR252
  1045d8   1045d8        0     1                 x86_ISR253
  1045e1   1045e1        0     1                 x86_ISR254
  1045ea   1045ea        0     1                 x86_ISR255
  1045f3   1045f3        0     1                 isr_common
  104620   104620       21    16         ./build/./src/kernel/arch/x86/io.c.o:(.text)
  104620   104620       21     1                 x86_iowait
  104650   104650        d    16         ./build/./src/kernel/arch/x86/idt.asm.o:(.text)
  104650   104650        0     1                 x86_IDT_Load
  104660   104660      103     4         ./libgcc.a(_udivdi3.o):(.text)
  104660   104660      103     1                 __udivdi3
  104764   104764      122     4         ./libgcc.a(_umoddi3.o):(.text)
  104764   104764      122     1                 __umoddi3
  104888   104888       28     4 .data
  104888   104888        0     1         __data_start = .
  104888   104888        4     4         ./build/./src/kernel/stdio.c.o:(.data)
  104888   104888        4     1                 g_ScreenBuffer
  10488c   10488c       1e     2         ./build/./src/kernel/arch/x86/gdt.c.o:(.data)
  10488c   10488c       18     1                 g_GDT
  1048a4   1048a4        6     1                 g_GDTDescriptor
  1048aa   1048aa        6     1         ./build/./src/kernel/arch/x86/idt.c.o:(.data)
  1048aa   1048aa        6     1                 g_IDTDescriptor
  1048b0   1048b0        0     1         ./libgcc.a(_udivdi3.o):(.data)
  1048b0   1048b0        0     1         ./libgcc.a(_umoddi3.o):(.data)
  1048b0   1048b0      200     4 .rodata
  1048b0   1048b0        0     1         __rodata_start = .
  1048b0   1048b0      17e     4         ./build/./src/kernel/stdio.c.o:(.rodata)
  104a14   104a14        4     1                 SCREEN_WIDTH
  104a18   104a18        4     1                 SCREEN_HEIGHT
  104a1c   104a1c        1     1                 DEFAULT_COLOR
  104a1d   104a1d       11     1                 g_HexChars
  104a30   104a30       80     4         ./build/./src/kernel/arch/x86/isr.c.o:(.rodata)
  104a30   104a30       80     1                 g_Exceptions
  104ab0   104ab0      364     1 .rodata.str1.1
  104ab0   104ab0      364     1         <internal>:(.rodata.str1.1)
  104e14   104e14      10c     4 .eh_frame
  104e14   104e14       84     1         ./libgcc.a(_udivdi3.o):(.eh_frame+0x0)
  104e98   104e98       84     1         ./libgcc.a(_umoddi3.o):(.eh_frame+0x18)
  104f20   104f20      c54     4 .bss
  104f20   104f20        0     1         __bss_start = .
  104f20   104f20        8     4         ./build/./src/kernel/stdio.c.o:(.bss)
  104f20   104f20        4     1                 g_ScreenX
  104f24   104f24        4     1                 g_ScreenY
  104f28   104f28       40     4         ./build/./src/kernel/arch/x86/irq.c.o:(.bss)
  104f28   104f28       40     1                 g_IRQHandlers
  104f68   104f68      400     4         ./build/./src/kernel/arch/x86/isr.c.o:(.bss)
  104f68   104f68      400     1                 g_ISRHandlers
  105368   105368      800     2         ./build/./src/kernel/arch/x86/idt.c.o:(.bss)
  105368   105368      800     1                 g_IDT
  105b68   105b68        c     4         ./build/./src/kernel/arch/x86/pic.c.o:(.bss)
  105b68   105b68        4     1                 PIC_ICW1
  105b6c   105b6c        4     1                 PIC_ICW4
  105b70   105b70        4     1                 PIC_CMD
  105b74   105b74        0     1         ./libgcc.a(_udivdi3.o):(.bss)
  105b74   105b74        0     1         ./libgcc.a(_umoddi3.o):(.bss)
  105b74   105b74        0     1 __end = .
       0        0       54     1 .comment
       0        0       54     1         <internal>:(.comment)
       0        0      679     1 .debug_info
       0        0      333     1         ./libgcc.a(_udivdi3.o):(.debug_info)
     333      333      346     1         ./libgcc.a(_umoddi3.o):(.debug_info)
       0        0      2ca     1 .debug_abbrev
       0        0      15b     1         ./libgcc.a(_udivdi3.o):(.debug_abbrev)
     15b      15b      16f     1         ./libgcc.a(_umoddi3.o):(.debug_abbrev)
       0        0      975     1 .debug_loclists
       0        0      4cc     1         ./libgcc.a(_udivdi3.o):(.debug_loclists)
     4cc      4cc      4a9     1         ./libgcc.a(_umoddi3.o):(.debug_loclists)
       0        0       40     1 .debug_aranges
       0        0       20     1         ./libgcc.a(_udivdi3.o):(.debug_aranges)
      20       20       20     1         ./libgcc.a(_umoddi3.o):(.debug_aranges)
       0        0       51     1 .debug_rnglists
       0        0       27     1         ./libgcc.a(_udivdi3.o):(.debug_rnglists)
      27       27       2a     1         ./libgcc.a(_umoddi3.o):(.debug_rnglists)
       0        0      357     1 .debug_line
       0        0      178     1         ./libgcc.a(_udivdi3.o):(.debug_line)
     178      178      1df     1         ./libgcc.a(_umoddi3.o):(.debug_line)
       0        0      1fd     1 .debug_str
       0        0      1fd     1         <internal>:(.debug_str)
       0        0       96     1 .debug_line_str
       0        0       96     1         <internal>:(.debug_line_str)
       0        0     1610     4 .symtab
       0        0     1610     4         <internal>:(.symtab)
       0        0       cd     1 .shstrtab
       0        0       cd     1         <internal>:(.shstrtab)
       0        0      f77     1 .strtab
       0        0      f77     1         <internal>:(.strtab)
