     VMA      LMA     Size Align Out     In      Symbol
       0        0        0     1 phys = 0x00100000
       0        0   100000     1 . = phys
  100000   100000      15f    16 .entry
  100000   100000        0     1         __entry_start = .
  100000   100000      15f    16         ./build/./src/kernel/main.c.o:(.entry)
  100000   100000      15f     1                 start
  100160   100160     46f6    16 .text
  100160   100160        0     1         __text_start = .
  100160   100160       19    16         ./build/./src/kernel/hal/hal.c.o:(.text)
  100160   100160       19     1                 HAL_Initialize
  100180   100180      a23    16         ./build/./src/kernel/stdio.c.o:(.text)
  100180   100180       22     1                 putchr
  1001b0   1001b0       23     1                 putcolor
  1001e0   1001e0       1d     1                 getchr
  100200   100200       1e     1                 getcolor
  100220   100220       7c     1                 setcursor
  1002a0   1002a0       af     1                 clrscr
  100350   100350      150     1                 scrollback
  1004a0   1004a0      124     1                 putc
  1005d0   1005d0       34     1                 puts
  100610   100610       df     1                 printf_unsigned
  1006f0   1006f0       7e     1                 printf_signed
  100770   100770      39a     1                 printf
  100b10   100b10       93     1                 print_buffer
  100bb0   100bb0      141    16         ./build/./src/kernel/memory.c.o:(.text)
  100bb0   100bb0       5f     1                 memcpy
  100c10   100c10       54     1                 memset
  100c70   100c70       81     1                 memcmp
  100d00   100d00       9c    16         ./build/./src/kernel/main.c.o:(.text)
  100d00   100d00        8     1                 timer
  100d10   100d10       4a     1                 keypressed
  100d60   100d60       3c     1                 get_model
  100da0   100da0      108    16         ./build/./src/kernel/arch/x86/irq.c.o:(.text)
  100da0   100da0       84     1                 x86_IRQ_Handler
  100e30   100e30       5b     1                 x86_IRQ_Initialize
  100e90   100e90       18     1                 x86_IRQ_RegisterHandler
  100eb0   100eb0       27    16         ./build/./src/kernel/arch/x86/io.asm.o:(.text)
  100eb0   100eb0        0     1                 x86_outb
  100ebb   100ebb        0     1                 x86_inb
  100ec4   100ec4        0     1                 x86_Panic
  100ec6   100ec6        0     1                 x86_EnableInterrupts
  100ec8   100ec8        0     1                 x86_DisableInterrupts
  100eca   100eca        0     1                 crash_me
  100ee0   100ee0      1f7    16         ./build/./src/kernel/arch/x86/isr.c.o:(.text)
  100ee0   100ee0       49     1                 x86_ISR_Initialize
  100f30   100f30      17e     1                 x86_ISR_Handler
  1010b0   1010b0       27     1                 x86_ISR_RegisterHandler
  1010e0   1010e0       25    16         ./build/./src/kernel/arch/x86/gdt.asm.o:(.text)
  1010e0   1010e0        0     1                 x86_GDT_Load
  1010f3   1010f3        0     1                 x86_GDT_Load.reload_cs
  101110   101110       29    16         ./build/./src/kernel/arch/x86/gdt.c.o:(.text)
  101110   101110       29     1                 x86_GDT_Initialize
  101140   101140       c7    16         ./build/./src/kernel/arch/x86/idt.c.o:(.text)
  101140   101140       68     1                 x86_IDT_SetGate
  1011b0   1011b0       20     1                 x86_IDT_EnableGate
  1011d0   1011d0       20     1                 x86_IDT_DisableGate
  1011f0   1011f0       17     1                 x86_IDT_Initialize
  101210   101210     260d    16         ./build/./src/kernel/arch/x86/isrs_gen.c.o:(.text)
  101210   101210     260d     1                 x86_ISR_InitializeGates
  103820   103820      357    16         ./build/./src/kernel/arch/x86/pic.c.o:(.text)
  103820   103820      10f     1                 x86_PIC_Configure
  103930   103930       40     1                 x86_PIC_SendEndOfInterrupt
  103970   103970       3d     1                 x86_PIC_Disable
  1039b0   1039b0       6e     1                 x86_PIC_Mask
  103a20   103a20       71     1                 x86_PIC_Unmask
  103aa0   103aa0       67     1                 x86_PIC_ReadIrqRequestRegister
  103b10   103b10       67     1                 x86_PIC_ReadInServiceRegister
  103b80   103b80      a6d    16         ./build/./src/kernel/arch/x86/isr.asm.o:(.text)
  103b80   103b80        0     1                 x86_ISR0
  103b89   103b89        0     1                 x86_ISR1
  103b92   103b92        0     1                 x86_ISR2
  103b9b   103b9b        0     1                 x86_ISR3
  103ba4   103ba4        0     1                 x86_ISR4
  103bad   103bad        0     1                 x86_ISR5
  103bb6   103bb6        0     1                 x86_ISR6
  103bbf   103bbf        0     1                 x86_ISR7
  103bc8   103bc8        0     1                 x86_ISR8
  103bcf   103bcf        0     1                 x86_ISR9
  103bd8   103bd8        0     1                 x86_ISR10
  103bdf   103bdf        0     1                 x86_ISR11
  103be6   103be6        0     1                 x86_ISR12
  103bed   103bed        0     1                 x86_ISR13
  103bf4   103bf4        0     1                 x86_ISR14
  103bfb   103bfb        0     1                 x86_ISR15
  103c04   103c04        0     1                 x86_ISR16
  103c0d   103c0d        0     1                 x86_ISR17
  103c14   103c14        0     1                 x86_ISR18
  103c1d   103c1d        0     1                 x86_ISR19
  103c26   103c26        0     1                 x86_ISR20
  103c2f   103c2f        0     1                 x86_ISR21
  103c36   103c36        0     1                 x86_ISR22
  103c3f   103c3f        0     1                 x86_ISR23
  103c48   103c48        0     1                 x86_ISR24
  103c51   103c51        0     1                 x86_ISR25
  103c5a   103c5a        0     1                 x86_ISR26
  103c63   103c63        0     1                 x86_ISR27
  103c6c   103c6c        0     1                 x86_ISR28
  103c75   103c75        0     1                 x86_ISR29
  103c7e   103c7e        0     1                 x86_ISR30
  103c87   103c87        0     1                 x86_ISR31
  103c90   103c90        0     1                 x86_ISR32
  103c99   103c99        0     1                 x86_ISR33
  103ca2   103ca2        0     1                 x86_ISR34
  103cab   103cab        0     1                 x86_ISR35
  103cb4   103cb4        0     1                 x86_ISR36
  103cbd   103cbd        0     1                 x86_ISR37
  103cc6   103cc6        0     1                 x86_ISR38
  103ccf   103ccf        0     1                 x86_ISR39
  103cd8   103cd8        0     1                 x86_ISR40
  103ce1   103ce1        0     1                 x86_ISR41
  103cea   103cea        0     1                 x86_ISR42
  103cf3   103cf3        0     1                 x86_ISR43
  103cfc   103cfc        0     1                 x86_ISR44
  103d05   103d05        0     1                 x86_ISR45
  103d0e   103d0e        0     1                 x86_ISR46
  103d17   103d17        0     1                 x86_ISR47
  103d20   103d20        0     1                 x86_ISR48
  103d29   103d29        0     1                 x86_ISR49
  103d32   103d32        0     1                 x86_ISR50
  103d3b   103d3b        0     1                 x86_ISR51
  103d44   103d44        0     1                 x86_ISR52
  103d4d   103d4d        0     1                 x86_ISR53
  103d56   103d56        0     1                 x86_ISR54
  103d5f   103d5f        0     1                 x86_ISR55
  103d68   103d68        0     1                 x86_ISR56
  103d71   103d71        0     1                 x86_ISR57
  103d7a   103d7a        0     1                 x86_ISR58
  103d83   103d83        0     1                 x86_ISR59
  103d8c   103d8c        0     1                 x86_ISR60
  103d95   103d95        0     1                 x86_ISR61
  103d9e   103d9e        0     1                 x86_ISR62
  103da7   103da7        0     1                 x86_ISR63
  103db0   103db0        0     1                 x86_ISR64
  103db9   103db9        0     1                 x86_ISR65
  103dc2   103dc2        0     1                 x86_ISR66
  103dcb   103dcb        0     1                 x86_ISR67
  103dd4   103dd4        0     1                 x86_ISR68
  103ddd   103ddd        0     1                 x86_ISR69
  103de6   103de6        0     1                 x86_ISR70
  103def   103def        0     1                 x86_ISR71
  103df8   103df8        0     1                 x86_ISR72
  103e01   103e01        0     1                 x86_ISR73
  103e0a   103e0a        0     1                 x86_ISR74
  103e13   103e13        0     1                 x86_ISR75
  103e1c   103e1c        0     1                 x86_ISR76
  103e25   103e25        0     1                 x86_ISR77
  103e2e   103e2e        0     1                 x86_ISR78
  103e37   103e37        0     1                 x86_ISR79
  103e40   103e40        0     1                 x86_ISR80
  103e49   103e49        0     1                 x86_ISR81
  103e52   103e52        0     1                 x86_ISR82
  103e5b   103e5b        0     1                 x86_ISR83
  103e64   103e64        0     1                 x86_ISR84
  103e6d   103e6d        0     1                 x86_ISR85
  103e76   103e76        0     1                 x86_ISR86
  103e7f   103e7f        0     1                 x86_ISR87
  103e88   103e88        0     1                 x86_ISR88
  103e91   103e91        0     1                 x86_ISR89
  103e9a   103e9a        0     1                 x86_ISR90
  103ea3   103ea3        0     1                 x86_ISR91
  103eac   103eac        0     1                 x86_ISR92
  103eb5   103eb5        0     1                 x86_ISR93
  103ebe   103ebe        0     1                 x86_ISR94
  103ec7   103ec7        0     1                 x86_ISR95
  103ed0   103ed0        0     1                 x86_ISR96
  103ed9   103ed9        0     1                 x86_ISR97
  103ee2   103ee2        0     1                 x86_ISR98
  103eeb   103eeb        0     1                 x86_ISR99
  103ef4   103ef4        0     1                 x86_ISR100
  103efd   103efd        0     1                 x86_ISR101
  103f06   103f06        0     1                 x86_ISR102
  103f0f   103f0f        0     1                 x86_ISR103
  103f18   103f18        0     1                 x86_ISR104
  103f21   103f21        0     1                 x86_ISR105
  103f2a   103f2a        0     1                 x86_ISR106
  103f33   103f33        0     1                 x86_ISR107
  103f3c   103f3c        0     1                 x86_ISR108
  103f45   103f45        0     1                 x86_ISR109
  103f4e   103f4e        0     1                 x86_ISR110
  103f57   103f57        0     1                 x86_ISR111
  103f60   103f60        0     1                 x86_ISR112
  103f69   103f69        0     1                 x86_ISR113
  103f72   103f72        0     1                 x86_ISR114
  103f7b   103f7b        0     1                 x86_ISR115
  103f84   103f84        0     1                 x86_ISR116
  103f8d   103f8d        0     1                 x86_ISR117
  103f96   103f96        0     1                 x86_ISR118
  103f9f   103f9f        0     1                 x86_ISR119
  103fa8   103fa8        0     1                 x86_ISR120
  103fb1   103fb1        0     1                 x86_ISR121
  103fba   103fba        0     1                 x86_ISR122
  103fc3   103fc3        0     1                 x86_ISR123
  103fcc   103fcc        0     1                 x86_ISR124
  103fd5   103fd5        0     1                 x86_ISR125
  103fde   103fde        0     1                 x86_ISR126
  103fe7   103fe7        0     1                 x86_ISR127
  103ff0   103ff0        0     1                 x86_ISR128
  103ffc   103ffc        0     1                 x86_ISR129
  104008   104008        0     1                 x86_ISR130
  104014   104014        0     1                 x86_ISR131
  104020   104020        0     1                 x86_ISR132
  10402c   10402c        0     1                 x86_ISR133
  104038   104038        0     1                 x86_ISR134
  104044   104044        0     1                 x86_ISR135
  104050   104050        0     1                 x86_ISR136
  10405c   10405c        0     1                 x86_ISR137
  104068   104068        0     1                 x86_ISR138
  104074   104074        0     1                 x86_ISR139
  104080   104080        0     1                 x86_ISR140
  10408c   10408c        0     1                 x86_ISR141
  104098   104098        0     1                 x86_ISR142
  1040a4   1040a4        0     1                 x86_ISR143
  1040b0   1040b0        0     1                 x86_ISR144
  1040bc   1040bc        0     1                 x86_ISR145
  1040c8   1040c8        0     1                 x86_ISR146
  1040d4   1040d4        0     1                 x86_ISR147
  1040e0   1040e0        0     1                 x86_ISR148
  1040ec   1040ec        0     1                 x86_ISR149
  1040f8   1040f8        0     1                 x86_ISR150
  104104   104104        0     1                 x86_ISR151
  104110   104110        0     1                 x86_ISR152
  10411c   10411c        0     1                 x86_ISR153
  104128   104128        0     1                 x86_ISR154
  104134   104134        0     1                 x86_ISR155
  104140   104140        0     1                 x86_ISR156
  10414c   10414c        0     1                 x86_ISR157
  104158   104158        0     1                 x86_ISR158
  104164   104164        0     1                 x86_ISR159
  104170   104170        0     1                 x86_ISR160
  10417c   10417c        0     1                 x86_ISR161
  104188   104188        0     1                 x86_ISR162
  104194   104194        0     1                 x86_ISR163
  1041a0   1041a0        0     1                 x86_ISR164
  1041ac   1041ac        0     1                 x86_ISR165
  1041b8   1041b8        0     1                 x86_ISR166
  1041c4   1041c4        0     1                 x86_ISR167
  1041d0   1041d0        0     1                 x86_ISR168
  1041dc   1041dc        0     1                 x86_ISR169
  1041e8   1041e8        0     1                 x86_ISR170
  1041f4   1041f4        0     1                 x86_ISR171
  104200   104200        0     1                 x86_ISR172
  10420c   10420c        0     1                 x86_ISR173
  104218   104218        0     1                 x86_ISR174
  104224   104224        0     1                 x86_ISR175
  104230   104230        0     1                 x86_ISR176
  10423c   10423c        0     1                 x86_ISR177
  104248   104248        0     1                 x86_ISR178
  104254   104254        0     1                 x86_ISR179
  104260   104260        0     1                 x86_ISR180
  10426c   10426c        0     1                 x86_ISR181
  104278   104278        0     1                 x86_ISR182
  104284   104284        0     1                 x86_ISR183
  104290   104290        0     1                 x86_ISR184
  10429c   10429c        0     1                 x86_ISR185
  1042a8   1042a8        0     1                 x86_ISR186
  1042b4   1042b4        0     1                 x86_ISR187
  1042c0   1042c0        0     1                 x86_ISR188
  1042cc   1042cc        0     1                 x86_ISR189
  1042d8   1042d8        0     1                 x86_ISR190
  1042e4   1042e4        0     1                 x86_ISR191
  1042f0   1042f0        0     1                 x86_ISR192
  1042fc   1042fc        0     1                 x86_ISR193
  104308   104308        0     1                 x86_ISR194
  104314   104314        0     1                 x86_ISR195
  104320   104320        0     1                 x86_ISR196
  10432c   10432c        0     1                 x86_ISR197
  104338   104338        0     1                 x86_ISR198
  104344   104344        0     1                 x86_ISR199
  104350   104350        0     1                 x86_ISR200
  10435c   10435c        0     1                 x86_ISR201
  104368   104368        0     1                 x86_ISR202
  104374   104374        0     1                 x86_ISR203
  104380   104380        0     1                 x86_ISR204
  10438c   10438c        0     1                 x86_ISR205
  104398   104398        0     1                 x86_ISR206
  1043a4   1043a4        0     1                 x86_ISR207
  1043b0   1043b0        0     1                 x86_ISR208
  1043bc   1043bc        0     1                 x86_ISR209
  1043c8   1043c8        0     1                 x86_ISR210
  1043d4   1043d4        0     1                 x86_ISR211
  1043e0   1043e0        0     1                 x86_ISR212
  1043ec   1043ec        0     1                 x86_ISR213
  1043f8   1043f8        0     1                 x86_ISR214
  104404   104404        0     1                 x86_ISR215
  104410   104410        0     1                 x86_ISR216
  10441c   10441c        0     1                 x86_ISR217
  104428   104428        0     1                 x86_ISR218
  104434   104434        0     1                 x86_ISR219
  104440   104440        0     1                 x86_ISR220
  10444c   10444c        0     1                 x86_ISR221
  104458   104458        0     1                 x86_ISR222
  104464   104464        0     1                 x86_ISR223
  104470   104470        0     1                 x86_ISR224
  10447c   10447c        0     1                 x86_ISR225
  104488   104488        0     1                 x86_ISR226
  104494   104494        0     1                 x86_ISR227
  1044a0   1044a0        0     1                 x86_ISR228
  1044ac   1044ac        0     1                 x86_ISR229
  1044b8   1044b8        0     1                 x86_ISR230
  1044c4   1044c4        0     1                 x86_ISR231
  1044d0   1044d0        0     1                 x86_ISR232
  1044dc   1044dc        0     1                 x86_ISR233
  1044e8   1044e8        0     1                 x86_ISR234
  1044f4   1044f4        0     1                 x86_ISR235
  104500   104500        0     1                 x86_ISR236
  10450c   10450c        0     1                 x86_ISR237
  104518   104518        0     1                 x86_ISR238
  104524   104524        0     1                 x86_ISR239
  104530   104530        0     1                 x86_ISR240
  10453c   10453c        0     1                 x86_ISR241
  104545   104545        0     1                 x86_ISR242
  10454e   10454e        0     1                 x86_ISR243
  104557   104557        0     1                 x86_ISR244
  104560   104560        0     1                 x86_ISR245
  104569   104569        0     1                 x86_ISR246
  104572   104572        0     1                 x86_ISR247
  10457b   10457b        0     1                 x86_ISR248
  104584   104584        0     1                 x86_ISR249
  10458d   10458d        0     1                 x86_ISR250
  104596   104596        0     1                 x86_ISR251
  10459f   10459f        0     1                 x86_ISR252
  1045a8   1045a8        0     1                 x86_ISR253
  1045b1   1045b1        0     1                 x86_ISR254
  1045ba   1045ba        0     1                 x86_ISR255
  1045c3   1045c3        0     1                 isr_common
  1045f0   1045f0       21    16         ./build/./src/kernel/arch/x86/io.c.o:(.text)
  1045f0   1045f0       21     1                 x86_iowait
  104620   104620        d    16         ./build/./src/kernel/arch/x86/idt.asm.o:(.text)
  104620   104620        0     1                 x86_IDT_Load
  104630   104630      103     4         ./libgcc.a(_udivdi3.o):(.text)
  104630   104630      103     1                 __udivdi3
  104734   104734      122     4         ./libgcc.a(_umoddi3.o):(.text)
  104734   104734      122     1                 __umoddi3
  104858   104858       28     4 .data
  104858   104858        0     1         __data_start = .
  104858   104858        4     4         ./build/./src/kernel/stdio.c.o:(.data)
  104858   104858        4     1                 g_ScreenBuffer
  10485c   10485c       1e     2         ./build/./src/kernel/arch/x86/gdt.c.o:(.data)
  10485c   10485c       18     1                 g_GDT
  104874   104874        6     1                 g_GDTDescriptor
  10487a   10487a        6     1         ./build/./src/kernel/arch/x86/idt.c.o:(.data)
  10487a   10487a        6     1                 g_IDTDescriptor
  104880   104880        0     1         ./libgcc.a(_udivdi3.o):(.data)
  104880   104880        0     1         ./libgcc.a(_umoddi3.o):(.data)
  104880   104880      200     4 .rodata
  104880   104880        0     1         __rodata_start = .
  104880   104880      17e     4         ./build/./src/kernel/stdio.c.o:(.rodata)
  1049e4   1049e4        4     1                 SCREEN_WIDTH
  1049e8   1049e8        4     1                 SCREEN_HEIGHT
  1049ec   1049ec        1     1                 DEFAULT_COLOR
  1049ed   1049ed       11     1                 g_HexChars
  104a00   104a00       80     4         ./build/./src/kernel/arch/x86/isr.c.o:(.rodata)
  104a00   104a00       80     1                 g_Exceptions
  104a80   104a80      364     1 .rodata.str1.1
  104a80   104a80      364     1         <internal>:(.rodata.str1.1)
  104de4   104de4      10c     4 .eh_frame
  104de4   104de4       84     1         ./libgcc.a(_udivdi3.o):(.eh_frame+0x0)
  104e68   104e68       84     1         ./libgcc.a(_umoddi3.o):(.eh_frame+0x18)
  104ef0   104ef0      c54     4 .bss
  104ef0   104ef0        0     1         __bss_start = .
  104ef0   104ef0        8     4         ./build/./src/kernel/stdio.c.o:(.bss)
  104ef0   104ef0        4     1                 g_ScreenX
  104ef4   104ef4        4     1                 g_ScreenY
  104ef8   104ef8       40     4         ./build/./src/kernel/arch/x86/irq.c.o:(.bss)
  104ef8   104ef8       40     1                 g_IRQHandlers
  104f38   104f38      400     4         ./build/./src/kernel/arch/x86/isr.c.o:(.bss)
  104f38   104f38      400     1                 g_ISRHandlers
  105338   105338      800     2         ./build/./src/kernel/arch/x86/idt.c.o:(.bss)
  105338   105338      800     1                 g_IDT
  105b38   105b38        c     4         ./build/./src/kernel/arch/x86/pic.c.o:(.bss)
  105b38   105b38        4     1                 PIC_ICW1
  105b3c   105b3c        4     1                 PIC_ICW4
  105b40   105b40        4     1                 PIC_CMD
  105b44   105b44        0     1         ./libgcc.a(_udivdi3.o):(.bss)
  105b44   105b44        0     1         ./libgcc.a(_umoddi3.o):(.bss)
  105b44   105b44        0     1 __end = .
       0        0       54     1 .comment
       0        0       54     1         <internal>:(.comment)
       0        0      679     1 .debug_info
       0        0      333     1         ./libgcc.a(_udivdi3.o):(.debug_info)
     333      333      346     1         ./libgcc.a(_umoddi3.o):(.debug_info)
       0        0      2ca     1 .debug_abbrev
       0        0      15b     1         ./libgcc.a(_udivdi3.o):(.debug_abbrev)
     15b      15b      16f     1         ./libgcc.a(_umoddi3.o):(.debug_abbrev)
       0        0      975     1 .debug_loclists
       0        0      4cc     1         ./libgcc.a(_udivdi3.o):(.debug_loclists)
     4cc      4cc      4a9     1         ./libgcc.a(_umoddi3.o):(.debug_loclists)
       0        0       40     1 .debug_aranges
       0        0       20     1         ./libgcc.a(_udivdi3.o):(.debug_aranges)
      20       20       20     1         ./libgcc.a(_umoddi3.o):(.debug_aranges)
       0        0       51     1 .debug_rnglists
       0        0       27     1         ./libgcc.a(_udivdi3.o):(.debug_rnglists)
      27       27       2a     1         ./libgcc.a(_umoddi3.o):(.debug_rnglists)
       0        0      357     1 .debug_line
       0        0      178     1         ./libgcc.a(_udivdi3.o):(.debug_line)
     178      178      1df     1         ./libgcc.a(_umoddi3.o):(.debug_line)
       0        0      1fd     1 .debug_str
       0        0      1fd     1         <internal>:(.debug_str)
       0        0       96     1 .debug_line_str
       0        0       96     1         <internal>:(.debug_line_str)
       0        0     15f0     4 .symtab
       0        0     15f0     4         <internal>:(.symtab)
       0        0       cd     1 .shstrtab
       0        0       cd     1         <internal>:(.shstrtab)
       0        0      f5e     1 .strtab
       0        0      f5e     1         <internal>:(.strtab)
