     VMA      LMA     Size Align Out     In      Symbol
       0        0        0     1 phys = 0x00000500
       0        0      500     1 . = phys
     500      500       c0     1 .entry
     500      500        0     1         __entry_start = .
     500      500       c0     1         ./build/./src/stage2/entry.asm.o:(.entry)
     500      500        0     1                 entry
     524      524        0     1                 entry.pmode
     54d      54d        0     1                 EnableA20
     57d      57d        0     1                 A20WaitInput
     584      584        0     1                 A20WaitOutput
     58b      58b        0     1                 LoadGDT
     591      591        0     1                 g_GDT
     5b9      5b9        0     1                 g_GDTDesc
     5bf      5bf        0     1                 g_BootDrive
     5c0      5c0      19d     1 .rodata.str1.1
     5c0      5c0      19d     1         <internal>:(.rodata.str1.1)
     760      760      10c     4 .eh_frame
     760      760       84     1         ./libgcc.a(_udivdi3.o):(.eh_frame+0x0)
     7e4      7e4       84     1         ./libgcc.a(_umoddi3.o):(.eh_frame+0x18)
     870      870     2302    16 .text
     870      870        0     1         __text_start = .
     870      870      1e5    16         ./build/./src/stage2/disk.c.o:(.text)
     870      870       85     1                 DISK_Initialize
     900      900       72     1                 DISK_LBA2CHS
     980      980       d5     1                 DISK_ReadSectors
     a60      a60      126    16         ./build/./src/stage2/memdetect.c.o:(.text)
     a60      a60      126     1                 MemoryDetect
     b90      b90      a33    16         ./build/./src/stage2/stdio.c.o:(.text)
     b90      b90       22     1                 putchr
     bc0      bc0       23     1                 putcolor
     bf0      bf0       1d     1                 getchr
     c10      c10       1e     1                 getcolor
     c30      c30       7c     1                 setcursor
     cb0      cb0       af     1                 clrscr
     d60      d60      150     1                 scrollback
     eb0      eb0      13b     1                 putc
     ff0      ff0       34     1                 puts
    1030     1030       df     1                 printf_unsigned
    1110     1110       7e     1                 printf_signed
    1190     1190      396     1                 printf
    1530     1530       93     1                 print_buffer
    15d0     15d0      141    16         ./build/./src/stage2/memory.c.o:(.text)
    15d0     15d0       5f     1                 memcpy
    1630     1630       54     1                 memset
    1690     1690       81     1                 memcmp
    1720     1720      130    16         ./build/./src/stage2/main.c.o:(.text)
    1720     1720      130     1                 start
    1850     1850       86    16         ./build/./src/stage2/ctype.c.o:(.text)
    1850     1850       33     1                 islower
    1890     1890       46     1                 toupper
    18e0     18e0      24e    16         ./build/./src/stage2/x86.asm.o:(.text)
    18e0     18e0        0     1                 x86_outb
    18eb     18eb        0     1                 x86_inb
    18f4     18f4        0     1                 x86_Disk_GetDriveParams
    18fd     18fd        0     1                 x86_Disk_GetDriveParams.pmode16
    190a     190a        0     1                 x86_Disk_GetDriveParams.rmode
    19aa     19aa        0     1                 x86_Disk_GetDriveParams.pmode
    19b7     19b7        0     1                 x86_Disk_Reset
    19c0     19c0        0     1                 x86_Disk_Reset.pmode16
    19cd     19cd        0     1                 x86_Disk_Reset.rmode
    19fa     19fa        0     1                 x86_Disk_Reset.pmode
    1a07     1a07        0     1                 x86_Disk_Read
    1a10     1a10        0     1                 x86_Disk_Read.pmode16
    1a1d     1a1d        0     1                 x86_Disk_Read.rmode
    1a78     1a78        0     1                 x86_Disk_Read.pmode
    1a85     1a85        0     1                 x86_E820GetNextBlock
    1a8e     1a8e        0     1                 x86_E820GetNextBlock.pmode16
    1a9b     1a9b        0     1                 x86_E820GetNextBlock.rmode
    1af3     1af3        0     1                 x86_E820GetNextBlock.IfSuccedeed
    1afc     1afc        0     1                 x86_E820GetNextBlock.Error
    1b02     1b02        0     1                 x86_E820GetNextBlock.EndIf
    1b21     1b21        0     1                 x86_E820GetNextBlock.pmode
    1b30     1b30      cd9    16         ./build/./src/stage2/fat.c.o:(.text)
    1b30     1b30       39     1                 FAT_ReadBootSector
    1b70     1b70       48     1                 FAT_ReadFat
    1bc0     1bc0      238     1                 FAT_Initialize
    1e00     1e00       22     1                 FAT_ClusterToLba
    1e30     1e30      21c     1                 FAT_OpenEntry
    2050     2050       54     1                 FAT_NextCluster
    20b0     20b0      2c7     1                 FAT_Read
    2380     2380       40     1                 FAT_ReadEntry
    23c0     23c0       55     1                 FAT_Close
    2420     2420      1d1     1                 FAT_FindFile
    2600     2600      209     1                 FAT_Open
    2810     2810      139    16         ./build/./src/stage2/string.c.o:(.text)
    2810     2810       6b     1                 strchr
    2880     2880       89     1                 strcpy
    2910     2910       39     1                 strlen
    294c     294c      103     4         ./libgcc.a(_udivdi3.o):(.text)
    294c     294c      103     1                 __udivdi3
    2a50     2a50      122     4         ./libgcc.a(_umoddi3.o):(.text)
    2a50     2a50      122     1                 __umoddi3
    2b74     2b74        c     4 .data
    2b74     2b74        0     1         __data_start = .
    2b74     2b74        4     4         ./build/./src/stage2/stdio.c.o:(.data)
    2b74     2b74        4     1                 g_ScreenBuffer
    2b78     2b78        8     4         ./build/./src/stage2/main.c.o:(.data)
    2b78     2b78        4     1                 KernelLoadBuffer
    2b7c     2b7c        4     1                 Kernel
    2b80     2b80        0     1         ./libgcc.a(_udivdi3.o):(.data)
    2b80     2b80        0     1         ./libgcc.a(_umoddi3.o):(.data)
    2b80     2b80      17e     4 .rodata
    2b80     2b80        0     1         __rodata_start = .
    2b80     2b80      17e     4         ./build/./src/stage2/stdio.c.o:(.rodata)
    2ce4     2ce4        4     1                 SCREEN_WIDTH
    2ce8     2ce8        4     1                 SCREEN_HEIGHT
    2cec     2cec        1     1                 DEFAULT_COLOR
    2ced     2ced       11     1                 g_HexChars
    2d00     2d00     1824     4 .bss
    2d00     2d00        0     1         __bss_start = .
    2d00     2d00     1804     4         ./build/./src/stage2/memdetect.c.o:(.bss)
    2d00     2d00        4     1                 g_MemRegionCount
    2d04     2d04     1800     1                 g_MemRegions
    4504     4504        8     4         ./build/./src/stage2/stdio.c.o:(.bss)
    4504     4504        4     1                 g_ScreenX
    4508     4508        4     1                 g_ScreenY
    450c     450c        c     4         ./build/./src/stage2/main.c.o:(.bss)
    450c     450c        c     1                 g_BootParams
    4518     4518        c     4         ./build/./src/stage2/fat.c.o:(.bss)
    4518     4518        4     1                 g_Data
    451c     451c        4     1                 g_Fat
    4520     4520        4     1                 g_DataSectionLba
    4524     4524        0     1         ./libgcc.a(_udivdi3.o):(.bss)
    4524     4524        0     1         ./libgcc.a(_umoddi3.o):(.bss)
    4524     4524        0     1 __end = .
       0        0       54     1 .comment
       0        0       54     1         <internal>:(.comment)
       0        0      679     1 .debug_info
       0        0      333     1         ./libgcc.a(_udivdi3.o):(.debug_info)
     333      333      346     1         ./libgcc.a(_umoddi3.o):(.debug_info)
       0        0      2ca     1 .debug_abbrev
       0        0      15b     1         ./libgcc.a(_udivdi3.o):(.debug_abbrev)
     15b      15b      16f     1         ./libgcc.a(_umoddi3.o):(.debug_abbrev)
       0        0      975     1 .debug_loclists
       0        0      4cc     1         ./libgcc.a(_udivdi3.o):(.debug_loclists)
     4cc      4cc      4a9     1         ./libgcc.a(_umoddi3.o):(.debug_loclists)
       0        0       40     1 .debug_aranges
       0        0       20     1         ./libgcc.a(_udivdi3.o):(.debug_aranges)
      20       20       20     1         ./libgcc.a(_umoddi3.o):(.debug_aranges)
       0        0       51     1 .debug_rnglists
       0        0       27     1         ./libgcc.a(_udivdi3.o):(.debug_rnglists)
      27       27       2a     1         ./libgcc.a(_umoddi3.o):(.debug_rnglists)
       0        0      357     1 .debug_line
       0        0      178     1         ./libgcc.a(_udivdi3.o):(.debug_line)
     178      178      1df     1         ./libgcc.a(_umoddi3.o):(.debug_line)
       0        0      1fd     1 .debug_str
       0        0      1fd     1         <internal>:(.debug_str)
       0        0       96     1 .debug_line_str
       0        0       96     1         <internal>:(.debug_line_str)
       0        0      700     4 .symtab
       0        0      700     4         <internal>:(.symtab)
       0        0       cd     1 .shstrtab
       0        0       cd     1         <internal>:(.shstrtab)
       0        0      61f     1 .strtab
       0        0      61f     1         <internal>:(.strtab)
